mode: set
github.com/valtors/observer/main.go:18.13,19.22 1 0
github.com/valtors/observer/main.go:19.22,20.21 1 0
github.com/valtors/observer/main.go:21.23,23.10 2 0
github.com/valtors/observer/main.go:24.26,26.10 2 0
github.com/valtors/observer/main.go:30.2,33.16 3 0
github.com/valtors/observer/main.go:33.16,35.3 1 0
github.com/valtors/observer/main.go:36.2,38.42 2 0
github.com/valtors/observer/main.go:38.42,40.3 1 0
github.com/valtors/observer/main.go:42.2,47.12 5 0
github.com/valtors/observer/main.go:47.12,50.3 2 0
github.com/valtors/observer/main.go:52.2,53.16 2 0
github.com/valtors/observer/main.go:53.16,55.3 1 0
github.com/valtors/observer/main.go:57.2,57.29 1 0
github.com/valtors/observer/main.go:57.29,60.3 2 0
github.com/valtors/observer/main.go:62.2,62.35 1 0
github.com/valtors/observer/main.go:62.35,64.3 1 0
github.com/valtors/observer/main.go:67.63,75.12 6 1
github.com/valtors/observer/main.go:75.12,78.3 2 1
github.com/valtors/observer/main.go:80.2,81.76 2 1
github.com/valtors/observer/main.go:81.76,83.3 1 0
github.com/valtors/observer/main.go:86.18,113.2 1 1
github.com/valtors/observer/internal/store/db.go:12.41,13.16 1 1
github.com/valtors/observer/internal/store/db.go:13.16,15.17 2 0
github.com/valtors/observer/internal/store/db.go:15.17,17.4 1 0
github.com/valtors/observer/internal/store/db.go:18.3,18.54 1 0
github.com/valtors/observer/internal/store/db.go:21.2,22.47 2 1
github.com/valtors/observer/internal/store/db.go:22.47,24.3 1 1
github.com/valtors/observer/internal/store/db.go:26.2,27.16 2 1
github.com/valtors/observer/internal/store/db.go:27.16,29.3 1 0
github.com/valtors/observer/internal/store/db.go:30.2,32.34 2 1
github.com/valtors/observer/internal/store/db.go:32.34,34.3 1 0
github.com/valtors/observer/internal/store/db.go:36.2,38.16 2 1
github.com/valtors/observer/internal/store/db.go:41.32,82.16 3 1
github.com/valtors/observer/internal/store/db.go:82.16,84.3 1 0
github.com/valtors/observer/internal/store/db.go:85.2,85.12 1 1
github.com/valtors/observer/internal/store/queries.go:39.34,42.2 2 1
github.com/valtors/observer/internal/store/queries.go:44.52,46.29 2 1
github.com/valtors/observer/internal/store/queries.go:46.29,48.3 1 1
github.com/valtors/observer/internal/store/queries.go:49.2,49.12 1 1
github.com/valtors/observer/internal/store/queries.go:70.55,78.16 4 1
github.com/valtors/observer/internal/store/queries.go:78.16,80.3 1 0
github.com/valtors/observer/internal/store/queries.go:82.2,86.12 2 1
github.com/valtors/observer/internal/store/queries.go:89.82,93.21 3 1
github.com/valtors/observer/internal/store/queries.go:93.21,99.3 1 1
github.com/valtors/observer/internal/store/queries.go:99.8,105.3 1 1
github.com/valtors/observer/internal/store/queries.go:106.2,106.16 1 1
github.com/valtors/observer/internal/store/queries.go:106.16,108.3 1 0
github.com/valtors/observer/internal/store/queries.go:109.2,111.28 2 1
github.com/valtors/observer/internal/store/queries.go:114.86,119.21 4 1
github.com/valtors/observer/internal/store/queries.go:119.21,126.3 1 0
github.com/valtors/observer/internal/store/queries.go:126.8,133.3 1 1
github.com/valtors/observer/internal/store/queries.go:134.2,134.16 1 1
github.com/valtors/observer/internal/store/queries.go:134.16,136.3 1 0
github.com/valtors/observer/internal/store/queries.go:137.2,139.28 2 1
github.com/valtors/observer/internal/store/queries.go:142.59,151.16 5 1
github.com/valtors/observer/internal/store/queries.go:151.16,153.3 1 1
github.com/valtors/observer/internal/store/queries.go:154.2,155.16 2 1
github.com/valtors/observer/internal/store/queries.go:174.61,179.21 4 1
github.com/valtors/observer/internal/store/queries.go:179.21,182.3 2 1
github.com/valtors/observer/internal/store/queries.go:184.2,188.40 2 1
github.com/valtors/observer/internal/store/queries.go:188.40,190.3 1 0
github.com/valtors/observer/internal/store/queries.go:192.2,196.40 2 1
github.com/valtors/observer/internal/store/queries.go:196.40,198.3 1 0
github.com/valtors/observer/internal/store/queries.go:200.2,201.21 2 1
github.com/valtors/observer/internal/store/queries.go:201.21,207.3 1 1
github.com/valtors/observer/internal/store/queries.go:207.8,212.3 1 1
github.com/valtors/observer/internal/store/queries.go:213.2,213.16 1 1
github.com/valtors/observer/internal/store/queries.go:213.16,215.3 1 0
github.com/valtors/observer/internal/store/queries.go:216.2,218.18 2 1
github.com/valtors/observer/internal/store/queries.go:218.18,220.99 2 1
github.com/valtors/observer/internal/store/queries.go:220.99,222.4 1 0
github.com/valtors/observer/internal/store/queries.go:223.3,223.48 1 1
github.com/valtors/observer/internal/store/queries.go:226.2,226.15 1 1
github.com/valtors/observer/internal/store/queries.go:229.50,237.2 2 1
github.com/valtors/observer/internal/store/queries.go:239.74,247.2 2 1
github.com/valtors/observer/internal/store/queries.go:249.66,251.13 2 1
github.com/valtors/observer/internal/store/queries.go:251.13,253.3 1 1
github.com/valtors/observer/internal/store/queries.go:254.2,255.12 2 1
github.com/valtors/observer/internal/store/queries.go:258.54,262.16 2 1
github.com/valtors/observer/internal/store/queries.go:262.16,264.3 1 0
github.com/valtors/observer/internal/store/queries.go:265.2,268.18 3 1
github.com/valtors/observer/internal/store/queries.go:268.18,271.96 3 1
github.com/valtors/observer/internal/store/queries.go:271.96,273.4 1 0
github.com/valtors/observer/internal/store/queries.go:274.3,275.27 2 1
github.com/valtors/observer/internal/store/queries.go:277.2,277.19 1 1
github.com/valtors/observer/internal/store/queries.go:280.50,284.16 2 1
github.com/valtors/observer/internal/store/queries.go:284.16,286.3 1 0
github.com/valtors/observer/internal/store/queries.go:287.2,290.18 3 1
github.com/valtors/observer/internal/store/queries.go:290.18,293.96 3 1
github.com/valtors/observer/internal/store/queries.go:293.96,295.4 1 0
github.com/valtors/observer/internal/store/queries.go:296.3,297.27 2 1
github.com/valtors/observer/internal/store/queries.go:299.2,299.19 1 1
github.com/valtors/observer/internal/store/queries.go:302.56,304.18 2 1
github.com/valtors/observer/internal/store/queries.go:304.18,307.174 3 1
github.com/valtors/observer/internal/store/queries.go:307.174,309.4 1 0
github.com/valtors/observer/internal/store/queries.go:310.3,311.27 2 1
github.com/valtors/observer/internal/store/queries.go:313.2,313.26 1 1
github.com/valtors/observer/internal/store/queries.go:316.38,328.2 1 1
github.com/valtors/observer/internal/store/queries.go:330.50,332.26 2 1
github.com/valtors/observer/internal/store/queries.go:332.26,334.3 1 1
github.com/valtors/observer/internal/store/queries.go:335.2,335.15 1 1
github.com/valtors/observer/internal/store/queries.go:338.38,340.2 1 1
github.com/valtors/observer/internal/store/queries.go:342.39,344.16 2 1
github.com/valtors/observer/internal/store/queries.go:344.16,346.3 1 0
github.com/valtors/observer/internal/store/queries.go:347.2,347.18 1 1
github.com/valtors/observer/internal/store/queries.go:350.38,351.15 1 1
github.com/valtors/observer/internal/store/queries.go:351.15,353.3 1 1
github.com/valtors/observer/internal/store/queries.go:354.2,355.19 2 1
github.com/valtors/observer/internal/proxy/config.go:20.27,28.51 2 1
github.com/valtors/observer/internal/proxy/config.go:28.51,30.3 1 1
github.com/valtors/observer/internal/proxy/config.go:32.2,32.48 1 1
github.com/valtors/observer/internal/proxy/config.go:32.48,34.30 2 1
github.com/valtors/observer/internal/proxy/config.go:34.30,36.4 1 1
github.com/valtors/observer/internal/proxy/config.go:39.2,39.69 1 1
github.com/valtors/observer/internal/proxy/config.go:39.69,41.3 1 1
github.com/valtors/observer/internal/proxy/config.go:43.2,43.57 1 1
github.com/valtors/observer/internal/proxy/config.go:43.57,45.38 2 1
github.com/valtors/observer/internal/proxy/config.go:45.38,47.4 1 1
github.com/valtors/observer/internal/proxy/config.go:50.2,50.53 1 1
github.com/valtors/observer/internal/proxy/config.go:50.53,52.3 1 1
github.com/valtors/observer/internal/proxy/config.go:54.2,54.22 1 1
github.com/valtors/observer/internal/proxy/config.go:54.22,56.3 1 1
github.com/valtors/observer/internal/proxy/config.go:58.2,58.20 1 1
github.com/valtors/observer/internal/proxy/config.go:58.20,62.3 3 0
github.com/valtors/observer/internal/proxy/config.go:64.2,64.10 1 1
github.com/valtors/observer/internal/proxy/proxy.go:38.54,40.21 2 1
github.com/valtors/observer/internal/proxy/proxy.go:40.21,42.3 1 0
github.com/valtors/observer/internal/proxy/proxy.go:44.2,47.16 3 1
github.com/valtors/observer/internal/proxy/proxy.go:47.16,49.3 1 0
github.com/valtors/observer/internal/proxy/proxy.go:50.2,51.16 2 1
github.com/valtors/observer/internal/proxy/proxy.go:51.16,53.3 1 0
github.com/valtors/observer/internal/proxy/proxy.go:54.2,55.16 2 1
github.com/valtors/observer/internal/proxy/proxy.go:55.16,57.3 1 0
github.com/valtors/observer/internal/proxy/proxy.go:59.2,59.36 1 1
github.com/valtors/observer/internal/proxy/proxy.go:59.36,61.3 1 0
github.com/valtors/observer/internal/proxy/proxy.go:63.2,72.8 1 1
github.com/valtors/observer/internal/proxy/proxy.go:75.33,77.2 1 1
github.com/valtors/observer/internal/proxy/proxy.go:98.48,107.6 6 0
github.com/valtors/observer/internal/proxy/proxy.go:107.6,108.10 1 0
github.com/valtors/observer/internal/proxy/proxy.go:109.21,111.14 2 0
github.com/valtors/observer/internal/proxy/proxy.go:112.11,112.11 0 0
github.com/valtors/observer/internal/proxy/proxy.go:115.3,116.17 2 0
github.com/valtors/observer/internal/proxy/proxy.go:116.17,117.21 1 0
github.com/valtors/observer/internal/proxy/proxy.go:117.21,120.5 2 0
github.com/valtors/observer/internal/proxy/proxy.go:121.4,121.44 1 0
github.com/valtors/observer/internal/proxy/proxy.go:124.3,125.17 2 0
github.com/valtors/observer/internal/proxy/proxy.go:125.17,126.12 1 0
github.com/valtors/observer/internal/proxy/proxy.go:129.3,130.60 2 0
github.com/valtors/observer/internal/proxy/proxy.go:130.60,132.12 2 0
github.com/valtors/observer/internal/proxy/proxy.go:135.3,135.21 1 0
github.com/valtors/observer/internal/proxy/proxy.go:136.21,137.36 1 0
github.com/valtors/observer/internal/proxy/proxy.go:138.21,139.35 1 0
github.com/valtors/observer/internal/proxy/proxy.go:140.21,141.43 1 0
github.com/valtors/observer/internal/proxy/proxy.go:142.25,143.43 1 0
github.com/valtors/observer/internal/proxy/proxy.go:144.23,145.43 1 0
github.com/valtors/observer/internal/proxy/proxy.go:146.11,147.43 1 0
github.com/valtors/observer/internal/proxy/proxy.go:152.72,159.2 2 1
github.com/valtors/observer/internal/proxy/proxy.go:161.71,163.23 2 1
github.com/valtors/observer/internal/proxy/proxy.go:163.23,166.3 2 1
github.com/valtors/observer/internal/proxy/proxy.go:168.2,171.61 2 0
github.com/valtors/observer/internal/proxy/proxy.go:171.61,174.3 2 0
github.com/valtors/observer/internal/proxy/proxy.go:176.2,176.36 1 0
github.com/valtors/observer/internal/proxy/proxy.go:176.36,179.3 2 0
github.com/valtors/observer/internal/proxy/proxy.go:181.2,181.36 1 0
github.com/valtors/observer/internal/proxy/proxy.go:181.36,182.34 1 0
github.com/valtors/observer/internal/proxy/proxy.go:182.34,184.4 1 0
github.com/valtors/observer/internal/proxy/proxy.go:187.2,188.36 2 0
github.com/valtors/observer/internal/proxy/proxy.go:188.36,189.28 1 0
github.com/valtors/observer/internal/proxy/proxy.go:189.28,190.12 1 0
github.com/valtors/observer/internal/proxy/proxy.go:192.3,192.36 1 0
github.com/valtors/observer/internal/proxy/proxy.go:195.2,196.31 2 0
github.com/valtors/observer/internal/proxy/proxy.go:196.31,197.26 1 0
github.com/valtors/observer/internal/proxy/proxy.go:197.26,199.4 1 0
github.com/valtors/observer/internal/proxy/proxy.go:202.2,202.64 1 0
github.com/valtors/observer/internal/proxy/proxy.go:202.64,204.3 1 0
github.com/valtors/observer/internal/proxy/proxy.go:206.2,208.44 3 0
github.com/valtors/observer/internal/proxy/proxy.go:211.94,216.60 2 1
github.com/valtors/observer/internal/proxy/proxy.go:216.60,219.3 2 0
github.com/valtors/observer/internal/proxy/proxy.go:221.2,221.46 1 1
github.com/valtors/observer/internal/proxy/proxy.go:221.46,224.3 2 0
github.com/valtors/observer/internal/proxy/proxy.go:226.2,234.23 7 1
github.com/valtors/observer/internal/proxy/proxy.go:234.23,237.3 2 0
github.com/valtors/observer/internal/proxy/proxy.go:239.2,239.38 1 1
github.com/valtors/observer/internal/proxy/proxy.go:239.38,242.3 2 1
github.com/valtors/observer/internal/proxy/proxy.go:244.2,254.23 2 1
github.com/valtors/observer/internal/proxy/proxy.go:254.23,256.3 1 0
github.com/valtors/observer/internal/proxy/proxy.go:256.8,258.3 1 1
github.com/valtors/observer/internal/proxy/proxy.go:261.94,263.23 2 1
github.com/valtors/observer/internal/proxy/proxy.go:263.23,265.3 1 1
github.com/valtors/observer/internal/proxy/proxy.go:265.8,267.3 1 0
github.com/valtors/observer/internal/proxy/proxy.go:270.68,277.51 5 1
github.com/valtors/observer/internal/proxy/proxy.go:277.51,283.3 1 0
github.com/valtors/observer/internal/proxy/proxy.go:285.2,287.21 3 1
github.com/valtors/observer/internal/proxy/proxy.go:287.21,293.3 1 0
github.com/valtors/observer/internal/proxy/proxy.go:295.2,297.60 3 1
github.com/valtors/observer/internal/proxy/proxy.go:297.60,303.3 1 1
github.com/valtors/observer/internal/proxy/proxy.go:304.2,304.14 1 1
github.com/valtors/observer/internal/proxy/proxy.go:307.30,309.21 2 1
github.com/valtors/observer/internal/proxy/proxy.go:309.21,311.3 1 0
github.com/valtors/observer/internal/proxy/proxy.go:314.44,315.36 1 1
github.com/valtors/observer/internal/proxy/proxy.go:315.36,316.16 1 1
github.com/valtors/observer/internal/proxy/proxy.go:316.16,318.4 1 1
github.com/valtors/observer/internal/proxy/proxy.go:320.2,320.14 1 1
github.com/valtors/observer/internal/proxy/proxy.go:323.43,325.26 2 1
github.com/valtors/observer/internal/proxy/proxy.go:325.26,327.3 1 1
github.com/valtors/observer/internal/proxy/proxy.go:328.2,350.14 2 1
github.com/valtors/observer/internal/proxy/proxy.go:353.106,354.14 1 1
github.com/valtors/observer/internal/proxy/proxy.go:355.23,356.31 1 1
github.com/valtors/observer/internal/proxy/proxy.go:357.21,358.29 1 1
github.com/valtors/observer/internal/proxy/proxy.go:359.22,360.30 1 1
github.com/valtors/observer/internal/proxy/proxy.go:361.22,362.30 1 1
github.com/valtors/observer/internal/proxy/proxy.go:363.10,364.77 1 1
github.com/valtors/observer/internal/proxy/proxy.go:368.90,374.23 3 1
github.com/valtors/observer/internal/proxy/proxy.go:374.23,376.3 1 1
github.com/valtors/observer/internal/proxy/proxy.go:377.2,377.24 1 1
github.com/valtors/observer/internal/proxy/proxy.go:377.24,379.3 1 0
github.com/valtors/observer/internal/proxy/proxy.go:381.2,382.21 2 1
github.com/valtors/observer/internal/proxy/proxy.go:382.21,384.3 1 1
github.com/valtors/observer/internal/proxy/proxy.go:386.2,387.16 2 1
github.com/valtors/observer/internal/proxy/proxy.go:387.16,390.3 2 1
github.com/valtors/observer/internal/proxy/proxy.go:392.2,393.25 2 1
github.com/valtors/observer/internal/proxy/proxy.go:393.25,395.3 1 0
github.com/valtors/observer/internal/proxy/proxy.go:395.8,397.3 1 1
github.com/valtors/observer/internal/proxy/proxy.go:398.2,398.37 1 1
github.com/valtors/observer/internal/proxy/proxy.go:401.88,408.21 4 1
github.com/valtors/observer/internal/proxy/proxy.go:408.21,410.3 1 1
github.com/valtors/observer/internal/proxy/proxy.go:412.2,413.16 2 1
github.com/valtors/observer/internal/proxy/proxy.go:413.16,416.3 2 1
github.com/valtors/observer/internal/proxy/proxy.go:418.2,419.37 2 1
github.com/valtors/observer/internal/proxy/proxy.go:422.89,429.23 3 1
github.com/valtors/observer/internal/proxy/proxy.go:429.23,431.3 1 1
github.com/valtors/observer/internal/proxy/proxy.go:433.2,434.21 2 1
github.com/valtors/observer/internal/proxy/proxy.go:434.21,436.3 1 1
github.com/valtors/observer/internal/proxy/proxy.go:438.2,439.16 2 1
github.com/valtors/observer/internal/proxy/proxy.go:439.16,442.3 2 1
github.com/valtors/observer/internal/proxy/proxy.go:444.2,445.25 2 1
github.com/valtors/observer/internal/proxy/proxy.go:445.25,447.3 1 1
github.com/valtors/observer/internal/proxy/proxy.go:447.8,449.3 1 1
github.com/valtors/observer/internal/proxy/proxy.go:450.2,450.37 1 1
github.com/valtors/observer/internal/proxy/proxy.go:453.89,460.16 4 1
github.com/valtors/observer/internal/proxy/proxy.go:460.16,463.3 2 1
github.com/valtors/observer/internal/proxy/proxy.go:465.2,466.25 2 1
github.com/valtors/observer/internal/proxy/proxy.go:466.25,468.3 1 1
github.com/valtors/observer/internal/proxy/proxy.go:468.8,470.3 1 1
github.com/valtors/observer/internal/proxy/proxy.go:471.2,471.37 1 1
github.com/valtors/observer/internal/proxy/proxy.go:474.99,485.2 5 1
github.com/valtors/observer/internal/proxy/proxy.go:487.76,489.2 1 1
github.com/valtors/observer/internal/proxy/proxy.go:491.72,499.2 3 1
github.com/valtors/observer/internal/proxy/sse.go:18.40,23.2 1 1
github.com/valtors/observer/internal/proxy/sse.go:25.71,32.9 6 1
github.com/valtors/observer/internal/proxy/sse.go:32.9,35.3 2 0
github.com/valtors/observer/internal/proxy/sse.go:37.2,42.15 5 1
github.com/valtors/observer/internal/proxy/sse.go:42.15,47.3 4 0
github.com/valtors/observer/internal/proxy/sse.go:49.2,53.6 4 1
github.com/valtors/observer/internal/proxy/sse.go:53.6,54.10 1 1
github.com/valtors/observer/internal/proxy/sse.go:55.20,58.19 3 0
github.com/valtors/observer/internal/proxy/sse.go:59.29,60.10 1 0
github.com/valtors/observer/internal/proxy/sse.go:65.75,66.24 1 1
github.com/valtors/observer/internal/proxy/sse.go:66.24,69.3 2 1
github.com/valtors/observer/internal/proxy/sse.go:71.2,72.61 2 1
github.com/valtors/observer/internal/proxy/sse.go:72.61,75.3 2 1
github.com/valtors/observer/internal/proxy/sse.go:77.2,79.33 3 1
github.com/valtors/observer/internal/proxy/sse.go:82.73,83.20 1 1
github.com/valtors/observer/internal/proxy/sse.go:84.20,90.14 3 1
github.com/valtors/observer/internal/proxy/sse.go:91.20,92.36 1 1
github.com/valtors/observer/internal/proxy/sse.go:93.20,94.35 1 1
github.com/valtors/observer/internal/proxy/sse.go:95.10,97.14 2 1
github.com/valtors/observer/internal/proxy/sse.go:101.75,103.23 2 1
github.com/valtors/observer/internal/proxy/sse.go:103.23,105.3 1 1
github.com/valtors/observer/internal/proxy/sse.go:107.2,110.61 2 0
github.com/valtors/observer/internal/proxy/sse.go:110.61,116.3 1 0
github.com/valtors/observer/internal/proxy/sse.go:118.2,118.36 1 0
github.com/valtors/observer/internal/proxy/sse.go:118.36,120.3 1 0
github.com/valtors/observer/internal/proxy/sse.go:122.2,123.36 2 0
github.com/valtors/observer/internal/proxy/sse.go:123.36,124.29 1 0
github.com/valtors/observer/internal/proxy/sse.go:124.29,126.4 1 0
github.com/valtors/observer/internal/proxy/sse.go:129.2,130.31 2 0
github.com/valtors/observer/internal/proxy/sse.go:130.31,131.26 1 0
github.com/valtors/observer/internal/proxy/sse.go:131.26,133.4 1 0
github.com/valtors/observer/internal/proxy/sse.go:136.2,136.64 1 0
github.com/valtors/observer/internal/proxy/sse.go:136.64,138.3 1 0
github.com/valtors/observer/internal/proxy/sse.go:140.2,146.3 3 0
github.com/valtors/observer/internal/proxy/sse.go:149.74,154.60 2 1
github.com/valtors/observer/internal/proxy/sse.go:154.60,160.3 1 0
github.com/valtors/observer/internal/proxy/sse.go:162.2,162.57 1 1
github.com/valtors/observer/internal/proxy/sse.go:162.57,164.3 1 1
github.com/valtors/observer/internal/proxy/sse.go:166.2,167.13 2 0
github.com/valtors/observer/internal/proxy/sse.go:170.110,171.14 1 1
github.com/valtors/observer/internal/proxy/sse.go:172.23,173.39 1 1
github.com/valtors/observer/internal/proxy/sse.go:174.21,175.37 1 1
github.com/valtors/observer/internal/proxy/sse.go:176.22,177.38 1 1
github.com/valtors/observer/internal/proxy/sse.go:178.22,179.38 1 1
github.com/valtors/observer/internal/proxy/sse.go:180.10,185.4 1 1
github.com/valtors/observer/internal/proxy/sse.go:189.94,195.23 3 1
github.com/valtors/observer/internal/proxy/sse.go:195.23,197.3 1 1
github.com/valtors/observer/internal/proxy/sse.go:198.2,198.24 1 1
github.com/valtors/observer/internal/proxy/sse.go:198.24,200.3 1 0
github.com/valtors/observer/internal/proxy/sse.go:201.2,202.21 2 1
github.com/valtors/observer/internal/proxy/sse.go:202.21,204.3 1 1
github.com/valtors/observer/internal/proxy/sse.go:205.2,206.16 2 1
github.com/valtors/observer/internal/proxy/sse.go:206.16,208.3 1 1
github.com/valtors/observer/internal/proxy/sse.go:209.2,210.25 2 1
github.com/valtors/observer/internal/proxy/sse.go:210.25,212.3 1 0
github.com/valtors/observer/internal/proxy/sse.go:212.8,214.3 1 1
github.com/valtors/observer/internal/proxy/sse.go:215.2,215.40 1 1
github.com/valtors/observer/internal/proxy/sse.go:218.92,224.21 4 1
github.com/valtors/observer/internal/proxy/sse.go:224.21,226.3 1 1
github.com/valtors/observer/internal/proxy/sse.go:227.2,228.16 2 1
github.com/valtors/observer/internal/proxy/sse.go:228.16,230.3 1 1
github.com/valtors/observer/internal/proxy/sse.go:231.2,232.40 2 1
github.com/valtors/observer/internal/proxy/sse.go:235.93,242.23 3 1
github.com/valtors/observer/internal/proxy/sse.go:242.23,244.3 1 1
github.com/valtors/observer/internal/proxy/sse.go:245.2,246.21 2 1
github.com/valtors/observer/internal/proxy/sse.go:246.21,248.3 1 1
github.com/valtors/observer/internal/proxy/sse.go:249.2,250.16 2 1
github.com/valtors/observer/internal/proxy/sse.go:250.16,252.3 1 1
github.com/valtors/observer/internal/proxy/sse.go:253.2,254.25 2 1
github.com/valtors/observer/internal/proxy/sse.go:254.25,256.3 1 0
github.com/valtors/observer/internal/proxy/sse.go:256.8,258.3 1 1
github.com/valtors/observer/internal/proxy/sse.go:259.2,259.40 1 1
github.com/valtors/observer/internal/proxy/sse.go:262.93,268.16 4 1
github.com/valtors/observer/internal/proxy/sse.go:268.16,270.3 1 1
github.com/valtors/observer/internal/proxy/sse.go:271.2,272.25 2 1
github.com/valtors/observer/internal/proxy/sse.go:272.25,274.3 1 0
github.com/valtors/observer/internal/proxy/sse.go:274.8,276.3 1 1
github.com/valtors/observer/internal/proxy/sse.go:277.2,277.40 1 1
github.com/valtors/observer/internal/proxy/sse.go:280.71,288.2 3 1
github.com/valtors/observer/internal/proxy/sse.go:290.86,299.2 4 1
github.com/valtors/observer/test/echo_server.go:9.13,11.21 2 0
github.com/valtors/observer/test/echo_server.go:11.21,13.17 2 0
github.com/valtors/observer/test/echo_server.go:13.17,14.12 1 0
github.com/valtors/observer/test/echo_server.go:16.3,16.35 1 0
github.com/valtors/observer/test/echo_server.go:16.35,18.4 1 0
github.com/valtors/observer/test/echo_server.go:18.9,18.42 1 0
github.com/valtors/observer/test/echo_server.go:18.42,20.4 1 0
github.com/valtors/observer/test/echo_server.go:20.9,20.42 1 0
github.com/valtors/observer/test/echo_server.go:20.42,22.4 1 0
github.com/valtors/observer/test/echo_server.go:22.9,24.4 1 0
github.com/valtors/observer/test/echo_server.go:28.35,30.2 1 0
github.com/valtors/observer/test/echo_server.go:32.33,33.40 1 0
github.com/valtors/observer/test/echo_server.go:33.40,34.29 1 0
github.com/valtors/observer/test/echo_server.go:34.29,36.4 1 0
github.com/valtors/observer/test/echo_server.go:38.2,38.11 1 0
